
[TestApiOpenidConfigurationHandler/取得可能 - 1]
src.OpenidConfiguration{
    Issuer:                                     "http://cateiru.test",
    AuthorizationEndpoint:                      "http://cateiru.test/oidc",
    TokenEndpoint:                              "http://localhost:8080/v2/token",
    UserinfoEndpoint:                           "http://localhost:8080/v2/userinfo",
    JwksUri:                                    "http://cateiru.test/.well-known/jwks.json",
    RegistrationEndpoint:                       "http://localhost:8080/v2/register",
    ScopesSupported:                            {"openid", "profile", "email"},
    ResponseTypesSupported:                     {"code"},
    ResponseModesSupported:                     nil,
    GrantTypesSupported:                        nil,
    AcrValuesSupported:                         nil,
    SubjectTypesSupported:                      {"public", "pairwise"},
    IdTokenSigningAlgValuesSupported:           {"RS256"},
    IdTokenEncryptionAlgValuesSupported:        nil,
    IdTokenEncryptionEncValuesSupported:        nil,
    UserinfoSigningAlgValuesSupported:          nil,
    UserinfoEncryptionAlgValuesSupported:       nil,
    UserinfoEncryptionEncValuesSupported:       nil,
    RequestObjectSigningAlgValuesSupported:     nil,
    RequestObjectEncryptionAlgValuesSupported:  nil,
    RequestObjectEncryptionEncValuesSupported:  nil,
    TokenEndpointAuthMethodsSupported:          {"client_secret_basic"},
    TokenEndpointAuthSigningAlgValuesSupported: nil,
    DisplayValuesSupported:                     nil,
    ClaimTypesSupported:                        nil,
    ClaimsSupported:                            {"iss", "sub", "aud", "exp", "iat", "auth_time", "nonce", "acr", "azp", "name", "given_name", "family_name", "middle_name", "nickname", "preferred_username", "picture", "email", "email_verified", "gender", "birthdate", "zoneinfo", "locale", "updated_at"},
    ServiceDocumentation:                       "https://github.com/cateiru/cateiru-sso",
    ClaimsLocalesSupported:                     {"ja-JP"},
    UiLocalesSupported:                         {"ja-JP"},
    ClaimsParameterSupported:                   false,
    RequestParameterSupported:                  false,
    RequestUriParameterSupported:               false,
    RequireRequestUriRegistration:              false,
    OpPolicyUri:                                "http://cateiru.test/policy",
    OpTosUri:                                   "http://cateiru.test/policy",
}
---
