
[TestWebIdentityHandler/取得可能 - 1]
http://localhost:8080/v2/fedcm/config.json
---

[TestFedCMClientMetadataHandler/取得可能 - 1]
src.FedCMClientMetadataResponse{PrivacyPolicyUrl:"http://cateiru.test/policy", TermsOfServiceUrl:"http://cateiru.test/terms"}
---

[TestFedCMConfigHandler/取得可能 - 1]
src.FedCMConfigResponse{
    IDTokenEndpoint:          "http://localhost:8080/fedcm/id_assertion",
    IDTokenEndpoint2:         "http://localhost:8080/fedcm/id_assertion",
    ClientIdMetadataEndpoint: "http://localhost:8080/fedcm/client_metadata",
    SignInUrl:                "http://cateiru.test/login",
    LoginUrl:                 "http://cateiru.test/login",
    AccountsEndpoint:         "http://localhost:8080/fedcm/accounts",
    ClientMetadataEndpoint:   "http://localhost:8080/fedcm/client_metadata",
    IdAssertionEndpoint:      "http://localhost:8080/fedcm/id_assertion",
    DisconnectEndpoint:       "",
    Branding:                 &src.FedCMConfigBranding{
        BackgroundColor: "#ffffff",
        Color:           "#2bc4cf",
        Name:            "oreore.me test",
        Icons:           nil,
    },
}
---
