
[TestWebIdentityHandler/取得可能 - 1]
http://localhost:8080/fedcm/config.json
---

[TestFedCMClientMetadataHandler/取得可能 - 1]
src.FedCMClientMetadataResponse{PrivacyPolicyUrl:"http://cateiru.test/policy", TermsOfServiceUrl:"http://cateiru.test/terms"}
---

[TestFedCMConfigHandler/取得可能 - 1]
src.FedCMConfigResponse{
    LoginUrl:               "http://localhost:8080/fedcm/signin",
    AccountsEndpoint:       "http://localhost:8080/fedcm/accounts",
    ClientMetadataEndpoint: "http://localhost:8080/fedcm/client_metadata",
    IdAssertionEndpoint:    "http://localhost:8080/fedcm/id_assertion",
    Branding:               &src.FedCMConfigBranding{
        BackgroundColor: "#2bc4cf",
        Color:           "#ffffff",
        Name:            "oreore.me test",
        Icons:           nil,
    },
}
---
